src/hooks/useAgenda.ts(204,19): error TS2769: No overload matches this call.
  Overload 1 of 2, '(values: { agendado_por?: string | null | undefined; clinica_id: string; confirmado_via?: string | null | undefined; convenio?: string | null | undefined; created_at?: string | null | undefined; ... 12 more ...; valor?: number | ... 1 more ... | undefined; }, options?: { ...; } | undefined): PostgrestFilterBuilder<...>', gave the following error.
    Argument of type '{ clinica_id: string; paciente_id: string; profissional_id: string; data_hora_inicio: string; data_hora_fim: string; status: AppointmentStatus; observacoes: string | undefined; valor: number | undefined; recorrente: boolean; }' is not assignable to parameter of type '{ agendado_por?: string | null | undefined; clinica_id: string; confirmado_via?: string | null | undefined; convenio?: string | null | undefined; created_at?: string | null | undefined; ... 12 more ...; valor?: number | ... 1 more ... | undefined; }'.
      Types of property 'status' are incompatible.
        Type 'AppointmentStatus' is not assignable to type '"cancelado" | "agendado" | "confirmado" | "em_atendimento" | "faltou" | "finalizado" | null | undefined'.
          Type '"concluido"' is not assignable to type '"cancelado" | "agendado" | "confirmado" | "em_atendimento" | "faltou" | "finalizado" | null | undefined'.
  Overload 2 of 2, '(values: { agendado_por?: string | null | undefined; clinica_id: string; confirmado_via?: string | null | undefined; convenio?: string | null | undefined; created_at?: string | null | undefined; ... 12 more ...; valor?: number | ... 1 more ... | undefined; }[], options?: { ...; } | undefined): PostgrestFilterBuilder<...>', gave the following error.
    Argument of type '{ clinica_id: string; paciente_id: string; profissional_id: string; data_hora_inicio: string; data_hora_fim: string; status: AppointmentStatus; observacoes: string | undefined; valor: number | undefined; recorrente: boolean; }' is not assignable to parameter of type '{ agendado_por?: string | null | undefined; clinica_id: string; confirmado_via?: string | null | undefined; convenio?: string | null | undefined; created_at?: string | null | undefined; ... 12 more ...; valor?: number | ... 1 more ... | undefined; }[]'.
      Type '{ clinica_id: string; paciente_id: string; profissional_id: string; data_hora_inicio: string; data_hora_fim: string; status: AppointmentStatus; observacoes: string | undefined; valor: number | undefined; recorrente: boolean; }' is missing the following properties from type '{ agendado_por?: string | null | undefined; clinica_id: string; confirmado_via?: string | null | undefined; convenio?: string | null | undefined; created_at?: string | null | undefined; ... 12 more ...; valor?: number | ... 1 more ... | undefined; }[]': length, pop, push, concat, and 35 more.
src/hooks/useProntuario.ts(63,28): error TS2339: Property 'assinatura_url' does not exist on type '{ cid10_codigo: string | null; cid10_descricao: string | null; consulta_id: string; created_at: string | null; dados_extras: Json; id: string; paciente_id: string; profissional_id: string; resumo_ia: string | null; texto_clinico: string | null; transcricao_audio: string | null; updated_at: string | null; }'.
src/hooks/useProntuario.ts(64,28): error TS2339: Property 'hash_auditoria' does not exist on type '{ cid10_codigo: string | null; cid10_descricao: string | null; consulta_id: string; created_at: string | null; dados_extras: Json; id: string; paciente_id: string; profissional_id: string; resumo_ia: string | null; texto_clinico: string | null; transcricao_audio: string | null; updated_at: string | null; }'.
src/pages/Configuracoes/ProcedimentosPage.tsx(134,24): error TS2345: Argument of type '{ ativo: boolean | null; categoria: string | null; clinica_id: string; codigo_tuss: string | null; created_at: string | null; descricao: string | null; duracao_minutos: number | null; id: string; nome: string; valor_particular: number | null; }[]' is not assignable to parameter of type 'SetStateAction<Procedimento[]>'.
  Type '{ ativo: boolean | null; categoria: string | null; clinica_id: string; codigo_tuss: string | null; created_at: string | null; descricao: string | null; duracao_minutos: number | null; id: string; nome: string; valor_particular: number | null; }[]' is not assignable to type 'Procedimento[]'.
    Type '{ ativo: boolean | null; categoria: string | null; clinica_id: string; codigo_tuss: string | null; created_at: string | null; descricao: string | null; duracao_minutos: number | null; id: string; nome: string; valor_particular: number | null; }' is missing the following properties from type 'Procedimento': duracao, valor
src/pages/Configuracoes/ProcedimentosPage.tsx(152,34): error TS2345: Argument of type '(prev: Procedimento[]) => (Procedimento | { ativo: boolean | null; categoria: string | null; clinica_id: string; codigo_tuss: string | null; created_at: string | null; ... 4 more ...; valor_particular: number | null; })[]' is not assignable to parameter of type 'SetStateAction<Procedimento[]>'.
  Type '(prev: Procedimento[]) => (Procedimento | { ativo: boolean | null; categoria: string | null; clinica_id: string; codigo_tuss: string | null; created_at: string | null; ... 4 more ...; valor_particular: number | null; })[]' is not assignable to type '(prevState: Procedimento[]) => Procedimento[]'.
    Type '(Procedimento | { ativo: boolean | null; categoria: string | null; clinica_id: string; codigo_tuss: string | null; created_at: string | null; descricao: string | null; duracao_minutos: number | null; id: string; nome: string; valor_particular: number | null; })[]' is not assignable to type 'Procedimento[]'.
      Type 'Procedimento | { ativo: boolean | null; categoria: string | null; clinica_id: string; codigo_tuss: string | null; created_at: string | null; descricao: string | null; duracao_minutos: number | null; id: string; nome: string; valor_particular: number | null; }' is not assignable to type 'Procedimento'.
        Type '{ ativo: boolean | null; categoria: string | null; clinica_id: string; codigo_tuss: string | null; created_at: string | null; descricao: string | null; duracao_minutos: number | null; id: string; nome: string; valor_particular: number | null; }' is missing the following properties from type 'Procedimento': duracao, valor
src/pages/Estoque/AlertasPage.tsx(17,32): error TS2339: Property 'generatePurchaseOrder' does not exist on type '{ products: Product[]; movements: Movement[]; isLoading: boolean; error: string | null; getProducts: () => (Product & { status: string; })[]; getMovimentacoes: () => Movement[]; ... 6 more ...; purchaseOrders: never[]; }'.
src/pages/Estoque/AlertasPage.tsx(171,67): error TS2339: Property 'productId' does not exist on type 'never'.
src/pages/Estoque/AlertasPage.tsx(173,35): error TS2339: Property 'id' does not exist on type 'never'.
src/pages/Estoque/AlertasPage.tsx(176,120): error TS2339: Property 'status' does not exist on type 'never'.
src/pages/Estoque/AlertasPage.tsx(177,145): error TS2339: Property 'createdAt' does not exist on type 'never'.
src/pages/Estoque/AlertasPage.tsx(179,114): error TS2339: Property 'productId' does not exist on type 'never'.
src/pages/Estoque/AlertasPage.tsx(181,58): error TS2339: Property 'provider' does not exist on type 'never'.
src/pages/Estoque/AlertasPage.tsx(183,58): error TS2339: Property 'quantity' does not exist on type 'never'.
src/pages/Estoque/AlertasPage.tsx(185,65): error TS2339: Property 'expectedDate' does not exist on type 'never'.
