src/components/ui/ToastProvider.tsx(3,20): error TS1484: 'ToastType' is a type and must be imported using a type-only import when 'verbatimModuleSyntax' is enabled.
src/components/verdesk/KanbanColumn.tsx(4,10): error TS1484: 'Lead' is a type and must be imported using a type-only import when 'verbatimModuleSyntax' is enabled.
src/hooks/useAgenda.ts(103,38): error TS2345: Argument of type 'AppointmentStatus' is not assignable to parameter of type 'NonNullable<"cancelado" | "agendado" | "confirmado" | "em_atendimento" | "faltou" | "finalizado" | null>'.
  Type '"concluido"' is not assignable to type 'NonNullable<"cancelado" | "agendado" | "confirmado" | "em_atendimento" | "faltou" | "finalizado" | null>'.
src/hooks/useAgenda.ts(204,19): error TS2769: No overload matches this call.
  Overload 1 of 2, '(values: { agendado_por?: string | null | undefined; clinica_id: string; confirmado_via?: string | null | undefined; convenio?: string | null | undefined; created_at?: string | null | undefined; ... 12 more ...; valor?: number | ... 1 more ... | undefined; }, options?: { ...; } | undefined): PostgrestFilterBuilder<...>', gave the following error.
    Argument of type '{ clinica_id: string; paciente_id: string; profissional_id: string; data_hora_inicio: string; data_hora_fim: string; status: AppointmentStatus; observacoes: string | undefined; valor: number | undefined; recorrente: boolean; }' is not assignable to parameter of type '{ agendado_por?: string | null | undefined; clinica_id: string; confirmado_via?: string | null | undefined; convenio?: string | null | undefined; created_at?: string | null | undefined; ... 12 more ...; valor?: number | ... 1 more ... | undefined; }'.
      Types of property 'status' are incompatible.
        Type 'AppointmentStatus' is not assignable to type '"cancelado" | "agendado" | "confirmado" | "em_atendimento" | "faltou" | "finalizado" | null | undefined'.
          Type '"concluido"' is not assignable to type '"cancelado" | "agendado" | "confirmado" | "em_atendimento" | "faltou" | "finalizado" | null | undefined'.
  Overload 2 of 2, '(values: { agendado_por?: string | null | undefined; clinica_id: string; confirmado_via?: string | null | undefined; convenio?: string | null | undefined; created_at?: string | null | undefined; ... 12 more ...; valor?: number | ... 1 more ... | undefined; }[], options?: { ...; } | undefined): PostgrestFilterBuilder<...>', gave the following error.
    Argument of type '{ clinica_id: string; paciente_id: string; profissional_id: string; data_hora_inicio: string; data_hora_fim: string; status: AppointmentStatus; observacoes: string | undefined; valor: number | undefined; recorrente: boolean; }' is not assignable to parameter of type '{ agendado_por?: string | null | undefined; clinica_id: string; confirmado_via?: string | null | undefined; convenio?: string | null | undefined; created_at?: string | null | undefined; ... 12 more ...; valor?: number | ... 1 more ... | undefined; }[]'.
      Type '{ clinica_id: string; paciente_id: string; profissional_id: string; data_hora_inicio: string; data_hora_fim: string; status: AppointmentStatus; observacoes: string | undefined; valor: number | undefined; recorrente: boolean; }' is missing the following properties from type '{ agendado_por?: string | null | undefined; clinica_id: string; confirmado_via?: string | null | undefined; convenio?: string | null | undefined; created_at?: string | null | undefined; ... 12 more ...; valor?: number | ... 1 more ... | undefined; }[]': length, pop, push, concat, and 35 more.
src/hooks/useEstoque.ts(2,10): error TS1484: 'Product' is a type and must be imported using a type-only import when 'verbatimModuleSyntax' is enabled.
src/hooks/useEstoque.ts(2,19): error TS1484: 'Movement' is a type and must be imported using a type-only import when 'verbatimModuleSyntax' is enabled.
src/hooks/useEstoque.ts(2,29): error TS1484: 'PurchaseOrder' is a type and must be imported using a type-only import when 'verbatimModuleSyntax' is enabled.
src/hooks/useEstoque.ts(2,44): error TS1484: 'ProcedureConsumptionRule' is a type and must be imported using a type-only import when 'verbatimModuleSyntax' is enabled.
src/hooks/useEstoque.ts(2,70): error TS1484: 'ProductCategory' is a type and must be imported using a type-only import when 'verbatimModuleSyntax' is enabled.
src/hooks/useEstoque.ts(47,7): error TS2322: Type '{ id: string; productId: string; productName: string; type: string; quantity: number; date: string; reason: string; responsible: string; linkedTo: string | undefined; }[]' is not assignable to type 'Movement[]'.
  Type '{ id: string; productId: string; productName: string; type: string; quantity: number; date: string; reason: string; responsible: string; linkedTo: string | undefined; }' is not assignable to type 'Movement'.
    Types of property 'type' are incompatible.
      Type 'string' is not assignable to type 'MovementType'.
src/hooks/useEstoque.ts(54,33): error TS1355: A 'const' assertions can only be applied to references to enum members, or string, number, boolean, array, or object literals.
src/hooks/useVerdesk.ts(2,10): error TS1484: 'Lead' is a type and must be imported using a type-only import when 'verbatimModuleSyntax' is enabled.
src/hooks/useVerdesk.ts(2,16): error TS1484: 'Campaign' is a type and must be imported using a type-only import when 'verbatimModuleSyntax' is enabled.
src/hooks/useVerdesk.ts(2,26): error TS1484: 'LeadStage' is a type and must be imported using a type-only import when 'verbatimModuleSyntax' is enabled.
src/hooks/useVerdesk.ts(2,37): error TS1484: 'LeadOrigin' is a type and must be imported using a type-only import when 'verbatimModuleSyntax' is enabled.
src/hooks/useVerdesk.ts(2,49): error TS1484: 'LeadInteraction' is a type and must be imported using a type-only import when 'verbatimModuleSyntax' is enabled.
src/hooks/useVerdesk.ts(104,19): error TS2322: Type 'LeadStage' is not assignable to type '"agendado" | "perdido" | "perguntou_valor" | "demonstrou_interesse" | "quase_fechando" | null | undefined'.
  Type '"Agendado"' is not assignable to type '"agendado" | "perdido" | "perguntou_valor" | "demonstrou_interesse" | "quase_fechando" | null | undefined'. Did you mean '"agendado"'?
src/hooks/useVerdesk.ts(114,46): error TS2769: No overload matches this call.
  Overload 1 of 2, '(values: { anotacao?: string | null | undefined; created_at?: string | null | undefined; estagio_anterior?: "agendado" | "perdido" | "perguntou_valor" | "demonstrou_interesse" | "quase_fechando" | null | undefined; estagio_novo?: "agendado" | ... 5 more ... | undefined; id?: string | undefined; lead_id: string; usuario_id?: string | ... 1 more ... | undefined; }, options?: { ...; } | undefined): PostgrestFilterBuilder<...>', gave the following error.
    Type 'LeadStage' is not assignable to type '"agendado" | "perdido" | "perguntou_valor" | "demonstrou_interesse" | "quase_fechando" | null | undefined'.
      Type '"Agendado"' is not assignable to type '"agendado" | "perdido" | "perguntou_valor" | "demonstrou_interesse" | "quase_fechando" | null | undefined'. Did you mean '"agendado"'?
  Overload 2 of 2, '(values: { anotacao?: string | null | undefined; created_at?: string | null | undefined; estagio_anterior?: "agendado" | "perdido" | "perguntou_valor" | "demonstrou_interesse" | "quase_fechando" | null | undefined; estagio_novo?: "agendado" | ... 5 more ... | undefined; id?: string | undefined; lead_id: string; usuario_id?: string | ... 1 more ... | undefined; }[], options?: { ...; } | undefined): PostgrestFilterBuilder<...>', gave the following error.
    Object literal may only specify known properties, and 'lead_id' does not exist in type '{ anotacao?: string | null | undefined; created_at?: string | null | undefined; estagio_anterior?: "agendado" | "perdido" | "perguntou_valor" | "demonstrou_interesse" | "quase_fechando" | null | undefined; estagio_novo?: "agendado" | ... 5 more ... | undefined; id?: string | undefined; lead_id: string; usuario_id?: ...'.
src/hooks/useVerdesk.ts(135,10): error TS2769: No overload matches this call.
  Overload 1 of 2, '(values: { clinica_id: string; conversa_id?: string | null | undefined; created_at?: string | null | undefined; email?: string | null | undefined; estagio?: "agendado" | "perdido" | "perguntou_valor" | "demonstrou_interesse" | "quase_fechando" | null | undefined; ... 10 more ...; valor_estimado?: number | ... 1 more ... | undefined; }, options?: { ...; } | undefined): PostgrestFilterBuilder<...>', gave the following error.
    Type 'LeadStage' is not assignable to type '"agendado" | "perdido" | "perguntou_valor" | "demonstrou_interesse" | "quase_fechando" | null | undefined'.
      Type '"Agendado"' is not assignable to type '"agendado" | "perdido" | "perguntou_valor" | "demonstrou_interesse" | "quase_fechando" | null | undefined'. Did you mean '"agendado"'?
  Overload 2 of 2, '(values: { clinica_id: string; conversa_id?: string | null | undefined; created_at?: string | null | undefined; email?: string | null | undefined; estagio?: "agendado" | "perdido" | "perguntou_valor" | "demonstrou_interesse" | "quase_fechando" | null | undefined; ... 10 more ...; valor_estimado?: number | ... 1 more ... | undefined; }[], options?: { ...; } | undefined): PostgrestFilterBuilder<...>', gave the following error.
    Object literal may only specify known properties, and 'clinica_id' does not exist in type '{ clinica_id: string; conversa_id?: string | null | undefined; created_at?: string | null | undefined; email?: string | null | undefined; estagio?: "agendado" | "perdido" | "perguntou_valor" | "demonstrou_interesse" | "quase_fechando" | null | undefined; ... 10 more ...; valor_estimado?: number | ... 1 more ... | un...'.
src/pages/Estoque/EstoquePage.tsx(15,10): error TS1484: 'Product' is a type and must be imported using a type-only import when 'verbatimModuleSyntax' is enabled.
src/pages/Estoque/ProdutosPage.tsx(18,10): error TS1484: 'Product' is a type and must be imported using a type-only import when 'verbatimModuleSyntax' is enabled.
src/pages/Estoque/ProdutosPage.tsx(18,19): error TS1484: 'ProductCategory' is a type and must be imported using a type-only import when 'verbatimModuleSyntax' is enabled.
src/pages/Relatorios/FaturamentoReport.tsx(182,19): error TS2322: Type '(value: number) => [string, string]' is not assignable to type 'Formatter<ValueType, NameType> & ((value: ValueType, name: NameType, item: TooltipPayloadEntry, index: number, payload: TooltipPayload) => ReactNode | [...])'.
  Type '(value: number) => [string, string]' is not assignable to type 'Formatter<ValueType, NameType>'.
    Types of parameters 'value' and 'value' are incompatible.
      Type 'ValueType | undefined' is not assignable to type 'number'.
        Type 'undefined' is not assignable to type 'number'.
src/pages/Verdesk/VerdeskPage.tsx(10,3): error TS1484: 'DragStartEvent' is a type and must be imported using a type-only import when 'verbatimModuleSyntax' is enabled.
src/pages/Verdesk/VerdeskPage.tsx(11,3): error TS1484: 'DragOverEvent' is a type and must be imported using a type-only import when 'verbatimModuleSyntax' is enabled.
src/pages/Verdesk/VerdeskPage.tsx(12,3): error TS1484: 'DragEndEvent' is a type and must be imported using a type-only import when 'verbatimModuleSyntax' is enabled.
src/pages/Verdesk/VerdeskPage.tsx(14,3): error TS1484: 'DropAnimation' is a type and must be imported using a type-only import when 'verbatimModuleSyntax' is enabled.
src/pages/Verdesk/VerdeskPage.tsx(29,10): error TS1484: 'LeadStage' is a type and must be imported using a type-only import when 'verbatimModuleSyntax' is enabled.
src/pages/Verdesk/VerdeskPage.tsx(29,21): error TS1484: 'Lead' is a type and must be imported using a type-only import when 'verbatimModuleSyntax' is enabled.
